sklearn 1.8.0
catboost 1.2.10
[TIMER] load: 0.7s
train (14397, 8) test (3603, 7) class0 0.0998
ACTION_VERBS: corpus-verified 147/895 antonym roots confirmed verbal (had a meN-/ber-/di-/ter- form >=3x in train bodies)
antonym pairs: 549  synonym pairs: 4625
provinces: 34  regencies: 488
[TIMER] entity_mining: 4.4s
abbreviation alias table: 26/28 resolved against loaded gazetteer
entity pool: 5176  phrase gazetteer: 238  role markers: 73
[TIMER] chunk_index: 7.4s
[TIMER] lsa: 15.4s
[TIMER] char_tfidf: 57.2s
[TIMER] base_features: 15.9s
49 base+structural features
[TIMER] claim_representation: 54.0s
A_cold feature count: 71
C_exact lookup validated: 12587 unique (title,content) pairs, 0 label conflicts
test regime counts: {'C_exact': 927, 'B_has_pos': 216, 'B_no_pos': 167, 'A_cold': 2293}
C_exact resolved: 927 of 927
B regime training pool: 2011 rows, 26 features
[TIMER] B_regime_training_pool: 1.4s
[TIMER] B_regime_fit: 2.1s
[TIMER] B_regime_predict: 0.6s
B regime test rows: 383
A_cold OOF macroF1=0.6944 @ threshold=0.625
--- A_cold reproducibility record (this notebook, this run) ---
  n_features    : 71
  model         : single CatBoostClassifier (NOT an ensemble -- multi-model
                  stacking was explored in experiments but is not part of
                  this notebook's committed best config)
  iterations    : 800
  depth         : 6
  learning_rate : 0.03
  class_weights : [1, 1]  (Experiment 1: weight sweep, GO -- stable win over [4,1]
                  across 3 independent CV seeds, +0.004 to +0.011 Macro F1;
                  CV loop and final fit share this constant by construction)
  CV type       : StratifiedGroupKFold(n_splits=5, group=content_hash)
  threshold     : 0.625 (selected on OOF cold predictions only, no test labels)
  OOF Macro F1  : 0.6944
  OOF F1-0      : 0.4171
  OOF F1-1      : 0.9717
--- A_cold OOF confusion matrix (rows=true, cols=pred; labels=[0,1]) ---
[[ 176  311]
 [ 181 8452]]
--- A_cold OOF classification report ---
              precision    recall  f1-score   support

           0     0.4930    0.3614    0.4171       487
           1     0.9645    0.9790    0.9717      8633

    accuracy                         0.9461      9120
   macro avg     0.7288    0.6702    0.6944      9120
weighted avg     0.9393    0.9461    0.9421      9120

[TIMER] A_cold_cv_threshold: 45.1s
[TIMER] A_cold_final_fit: 10.0s
A_cold test rows: 2293
  C_exact    n=  927  positive_rate=0.998
  B_has_pos  n=  216  positive_rate=0.023
  B_no_pos   n=  167  positive_rate=1.000
  A_cold     n= 2293  positive_rate=0.958
label
1    0.913961
0    0.086039
Name: proportion, dtype: float64
==========================================================
V13 — full regime router (C rule + B title-retrieval + A_cold claim-representation)
A_cold OOF macro F1  : 0.6944  (F1-0=0.4171, F1-1=0.9717) @ threshold 0.625
total runtime        : 5.1 min
==========================================================
  char_tfidf: 57.2s
  claim_representation: 54.0s
  A_cold_cv_threshold: 45.1s
  base_features: 15.9s
  lsa: 15.4s
  A_cold_final_fit: 10.0s
  chunk_index: 7.4s
  entity_mining: 4.4s
  B_regime_fit: 2.1s
  B_regime_training_pool: 1.4s
  load: 0.7s
  B_regime_predict: 0.6s
