sklearn 1.8.0
catboost 1.2.10
[TIMER] load: 0.7s
train (14397, 8) test (3603, 7) class0 0.0998
antonym pairs: 549  synonym pairs: 4625
provinces: 34  regencies: 488
[TIMER] entity_mining: 3.1s
abbreviation alias table: 26/28 resolved against loaded gazetteer
entity pool: 5176  phrase gazetteer: 238  role markers: 73
[TIMER] chunk_index: 5.7s
[TIMER] lsa: 12.7s
[TIMER] char_tfidf: 48.4s
[TIMER] base_features: 14.1s
49 base+structural features
[TIMER] claim_representation: 55.6s
A_cold feature count: 72
C_exact lookup validated: 12587 unique (title,content) pairs, 0 label conflicts
test regime counts: {'C_exact': 927, 'B_has_pos': 216, 'B_no_pos': 167, 'A_cold': 2293}
C_exact resolved: 927 of 927
B regime training pool: 2011 rows, 26 features
[TIMER] B_regime_training_pool: 2.4s
[TIMER] B_regime_fit: 2.0s
[TIMER] B_regime_predict: 0.5s
B regime test rows: 383
A_cold OOF macroF1=0.6959 @ threshold=0.700
--- A_cold reproducibility record (this notebook, this run) ---
  n_features    : 72
  model         : single CatBoostClassifier (NOT an ensemble -- multi-model
                  stacking was explored in experiments but is not part of
                  this notebook's committed best config)
  iterations    : 800
  depth         : 6
  learning_rate : 0.03
  class_weights : [1, 1]  (Experiment 1: weight sweep, GO -- stable win over [4,1]
                  across 3 independent CV seeds, +0.004 to +0.011 Macro F1)
  CV type       : StratifiedGroupKFold(n_splits=5, group=content_hash)
  threshold     : 0.700 (selected on OOF cold predictions only, no test labels)
  OOF Macro F1  : 0.6959
  OOF F1-0      : 0.4240
  OOF F1-1      : 0.9678
--- A_cold OOF confusion matrix (rows=true, cols=pred; labels=[0,1]) ---
[[ 205  282]
 [ 275 8358]]
--- A_cold OOF classification report ---
              precision    recall  f1-score   support

           0     0.4271    0.4209    0.4240       487
           1     0.9674    0.9681    0.9678      8633

    accuracy                         0.9389      9120
   macro avg     0.6972    0.6945    0.6959      9120
weighted avg     0.9385    0.9389    0.9387      9120

[TIMER] A_cold_cv_threshold: 49.4s
[TIMER] A_cold_final_fit: 11.5s
A_cold test rows: 2293
  C_exact    n=  927  positive_rate=0.998
  B_has_pos  n=  216  positive_rate=0.023
  B_no_pos   n=  167  positive_rate=1.000
  A_cold     n= 2293  positive_rate=0.840
label
1    0.838745
0    0.161255
Name: proportion, dtype: float64
==========================================================
V13 — full regime router (C rule + B title-retrieval + A_cold claim-representation)
A_cold OOF macro F1  : 0.6959  (F1-0=0.4240, F1-1=0.9678) @ threshold 0.700
total runtime        : 4.7 min
==========================================================
  claim_representation: 55.6s
  A_cold_cv_threshold: 49.4s
  char_tfidf: 48.4s
  base_features: 14.1s
  lsa: 12.7s
  A_cold_final_fit: 11.5s
  chunk_index: 5.7s
  entity_mining: 3.1s
  B_regime_training_pool: 2.4s
  B_regime_fit: 2.0s
  load: 0.7s
  B_regime_predict: 0.5s
