sklearn 1.8.0
catboost 1.2.10
[TIMER] load: 0.8s
train (14397, 8) test (3603, 7) class0 0.0998
antonym pairs: 549  synonym pairs: 4625
provinces: 34  regencies: 488
[TIMER] entity_mining: 5.0s
corpus-context ORG typing: +391 entities typed ORG (typed coverage 19.2% of ENT_POOL)
abbreviation alias table: 26/28 resolved against loaded gazetteer
entity pool: 5176  phrase gazetteer: 238  role markers: 73
[TIMER] chunk_index: 9.2s
[TIMER] lsa: 31.3s
[TIMER] char_tfidf: 103.9s
[TIMER] base_features: 20.1s
49 base+structural features
[TIMER] claim_representation: 78.3s
A_cold feature count: 71
C_exact lookup validated: 12587 unique (title,content) pairs, 0 label conflicts
test regime counts: {'C_exact': 927, 'B_has_pos': 216, 'B_no_pos': 167, 'A_cold': 2293}
C_exact resolved: 927 of 927
B regime training pool: 2011 rows, 26 features
[TIMER] B_regime_training_pool: 1.8s
[TIMER] B_regime_fit: 3.3s
[TIMER] B_regime_predict: 1.0s
B regime test rows: 383
A_cold OOF macroF1=0.6928 @ threshold=0.575
--- A_cold reproducibility record (this notebook, this run) ---
  n_features    : 71
  model         : single CatBoostClassifier (NOT an ensemble -- multi-model
                  stacking was explored in experiments but is not part of
                  this notebook's committed best config)
  iterations    : 800
  depth         : 6
  learning_rate : 0.03
  class_weights : [1, 1]  (Experiment 1: weight sweep, GO -- stable win over [4,1]
                  across 3 independent CV seeds, +0.004 to +0.011 Macro F1;
                  CV loop and final fit share this constant by construction)
  CV type       : StratifiedGroupKFold(n_splits=5, group=content_hash)
  threshold     : 0.575 (selected on OOF cold predictions only, no test labels)
  OOF Macro F1  : 0.6928
  OOF F1-0      : 0.4132
  OOF F1-1      : 0.9724
--- A_cold OOF confusion matrix (rows=true, cols=pred; labels=[0,1]) ---
[[ 169  318]
 [ 162 8471]]
--- A_cold OOF classification report ---
              precision    recall  f1-score   support

           0     0.5106    0.3470    0.4132       487
           1     0.9638    0.9812    0.9724      8633

    accuracy                         0.9474      9120
   macro avg     0.7372    0.6641    0.6928      9120
weighted avg     0.9396    0.9474    0.9426      9120

[TIMER] A_cold_cv_threshold: 98.9s
[TIMER] A_cold_final_fit: 20.3s
A_cold test rows: 2293
  C_exact    n=  927  positive_rate=0.998
  B_has_pos  n=  216  positive_rate=0.023
  B_no_pos   n=  167  positive_rate=1.000
  A_cold     n= 2293  positive_rate=0.967
label
1    0.919789
0    0.080211
Name: proportion, dtype: float64
==========================================================
V13 — full regime router (C rule + B title-retrieval + A_cold claim-representation)
A_cold OOF macro F1  : 0.6928  (F1-0=0.4132, F1-1=0.9724) @ threshold 0.575
total runtime        : 8.8 min
==========================================================
  char_tfidf: 103.9s
  A_cold_cv_threshold: 98.9s
  claim_representation: 78.3s
  lsa: 31.3s
  A_cold_final_fit: 20.3s
  base_features: 20.1s
  chunk_index: 9.2s
  entity_mining: 5.0s
  B_regime_fit: 3.3s
  B_regime_training_pool: 1.8s
  B_regime_predict: 1.0s
  load: 0.8s
