sklearn 1.8.0
catboost 1.2.10
[TIMER] load: 1.0s
train (14397, 8) test (3603, 7) class0 0.0998
antonym pairs: 549  synonym pairs: 4625
provinces: 34  regencies: 488
[TIMER] entity_mining: 3.1s
abbreviation alias table: 26/28 resolved against loaded gazetteer
entity pool: 5176  phrase gazetteer: 238  role markers: 73
[TIMER] chunk_index: 5.6s
[TIMER] lsa: 13.2s
[TIMER] char_tfidf: 47.1s
[TIMER] base_features: 10.5s
49 base+structural features
[TIMER] claim_representation: 44.1s
A_cold feature count: 76
C_exact lookup validated: 12587 unique (title,content) pairs, 0 label conflicts
test regime counts: {'C_exact': 927, 'B_has_pos': 216, 'B_no_pos': 167, 'A_cold': 2293}
C_exact resolved: 927 of 927
B regime training pool: 2011 rows, 26 features
[TIMER] B_regime_training_pool: 1.2s
[TIMER] B_regime_fit: 2.5s
[TIMER] B_regime_predict: 0.5s
B regime test rows: 383
A_cold OOF macroF1=0.6970 @ threshold=0.650
--- A_cold reproducibility record (this notebook, this run) ---
  n_features    : 76
  model         : single CatBoostClassifier (NOT an ensemble -- multi-model
                  stacking was explored in experiments but is not part of
                  this notebook's committed best config)
  iterations    : 800
  depth         : 6
  learning_rate : 0.03
  class_weights : [1, 1]  (Experiment 1: weight sweep, GO -- stable win over [4,1]
                  across 3 independent CV seeds, +0.004 to +0.011 Macro F1)
  CV type       : StratifiedGroupKFold(n_splits=5, group=content_hash)
  threshold     : 0.650 (selected on OOF cold predictions only, no test labels)
  OOF Macro F1  : 0.6970
  OOF F1-0      : 0.4232
  OOF F1-1      : 0.9708
--- A_cold OOF confusion matrix (rows=true, cols=pred; labels=[0,1]) ---
[[ 186  301]
 [ 206 8427]]
--- A_cold OOF classification report ---
              precision    recall  f1-score   support

           0     0.4745    0.3819    0.4232       487
           1     0.9655    0.9761    0.9708      8633

    accuracy                         0.9444      9120
   macro avg     0.7200    0.6790    0.6970      9120
weighted avg     0.9393    0.9444    0.9416      9120

[TIMER] A_cold_cv_threshold: 43.9s
[TIMER] A_cold_final_fit: 9.5s
A_cold test rows: 2293
  C_exact    n=  927  positive_rate=0.998
  B_has_pos  n=  216  positive_rate=0.023
  B_no_pos   n=  167  positive_rate=1.000
  A_cold     n= 2293  positive_rate=0.867
label
1    0.856508
0    0.143492
Name: proportion, dtype: float64
==========================================================
V13 — full regime router (C rule + B title-retrieval + A_cold claim-representation)
A_cold OOF macro F1  : 0.6970  (F1-0=0.4232, F1-1=0.9708) @ threshold 0.650
total runtime        : 4.2 min
==========================================================
  char_tfidf: 47.1s
  claim_representation: 44.1s
  A_cold_cv_threshold: 43.9s
  lsa: 13.2s
  base_features: 10.5s
  A_cold_final_fit: 9.5s
  chunk_index: 5.6s
  entity_mining: 3.1s
  B_regime_fit: 2.5s
  B_regime_training_pool: 1.2s
  load: 1.0s
  B_regime_predict: 0.5s
