sklearn 1.8.0
catboost 1.2.10
[TIMER] load: 0.5s
train (14397, 8) test (3603, 7) class0 0.0998
antonym pairs: 549  synonym pairs: 4625
provinces: 34  regencies: 488
[TIMER] entity_mining: 3.1s
abbreviation alias table: 26/28 resolved against loaded gazetteer
entity pool: 5176  phrase gazetteer: 238  role markers: 73
[TIMER] chunk_index: 5.7s
[TIMER] lsa: 16.7s
[TIMER] char_tfidf: 56.5s
[TIMER] base_features: 14.6s
49 base+structural features
[TIMER] claim_representation: 51.8s
A_cold feature count: 71
C_exact lookup validated: 12587 unique (title,content) pairs, 0 label conflicts
test regime counts: {'C_exact': 927, 'B_has_pos': 216, 'B_no_pos': 167, 'A_cold': 2293}
C_exact resolved: 927 of 927
B regime training pool: 2011 rows, 26 features
[TIMER] B_regime_training_pool: 1.2s
[TIMER] B_regime_fit: 1.9s
[TIMER] B_regime_predict: 0.5s
B regime test rows: 383
A_cold OOF macroF1=0.6939 @ threshold=0.575
--- A_cold reproducibility record (this notebook, this run) ---
  n_features    : 71
  model         : single CatBoostClassifier (NOT an ensemble -- multi-model
                  stacking was explored in experiments but is not part of
                  this notebook's committed best config)
  iterations    : 800
  depth         : 6
  learning_rate : 0.03
  class_weights : [1, 1]  (Experiment 1: weight sweep, GO -- stable win over [4,1]
                  across 3 independent CV seeds, +0.004 to +0.011 Macro F1)
  CV type       : StratifiedGroupKFold(n_splits=5, group=content_hash)
  threshold     : 0.575 (selected on OOF cold predictions only, no test labels)
  OOF Macro F1  : 0.6939
  OOF F1-0      : 0.4146
  OOF F1-1      : 0.9733
--- A_cold OOF confusion matrix (rows=true, cols=pred; labels=[0,1]) ---
[[ 165  322]
 [ 144 8489]]
--- A_cold OOF classification report ---
              precision    recall  f1-score   support

           0     0.5340    0.3388    0.4146       487
           1     0.9635    0.9833    0.9733      8633

    accuracy                         0.9489      9120
   macro avg     0.7487    0.6611    0.6939      9120
weighted avg     0.9405    0.9489    0.9435      9120

[TIMER] A_cold_cv_threshold: 46.2s
[TIMER] A_cold_final_fit: 8.8s
A_cold test rows: 2293
  C_exact    n=  927  positive_rate=0.998
  B_has_pos  n=  216  positive_rate=0.023
  B_no_pos   n=  167  positive_rate=1.000
  A_cold     n= 2293  positive_rate=0.904
label
1    0.879545
0    0.120455
Name: proportion, dtype: float64
==========================================================
V13 — full regime router (C rule + B title-retrieval + A_cold claim-representation)
A_cold OOF macro F1  : 0.6939  (F1-0=0.4146, F1-1=0.9733) @ threshold 0.575
total runtime        : 4.8 min
==========================================================
  char_tfidf: 56.5s
  claim_representation: 51.8s
  A_cold_cv_threshold: 46.2s
  lsa: 16.7s
  base_features: 14.6s
  A_cold_final_fit: 8.8s
  chunk_index: 5.7s
  entity_mining: 3.1s
  B_regime_fit: 1.9s
  B_regime_training_pool: 1.2s
  B_regime_predict: 0.5s
  load: 0.5s
