[TIMER] claim_representation: 47.5s
A_cold feature count: 76
features ready in 61.9s
baseline feature count (must be 71): 71
BASELINE (71 feats, unchanged): Macro F1=0.6995 @ thr=0.625  F1-0=0.4267  F1-1=0.9724

gate_thr   lam  n_gated  MacroF1    F1-0    F1-1    thr  FN->TN  newFP
    0.00  1.00     1282   0.7017  0.4316  0.9718  0.625       7     16
    0.34  1.00     1282   0.7017  0.4316  0.9718  0.625       7     16
    0.50  1.00     1049   0.7017  0.4316  0.9718  0.625       7     16
    0.00  0.25     1282   0.6995  0.4267  0.9724  0.625       0      0
    0.00  0.50     1282   0.6995  0.4267  0.9724  0.625       0      0
    0.34  0.25     1282   0.6995  0.4267  0.9724  0.625       0      0
    0.34  0.50     1282   0.6995  0.4267  0.9724  0.625       0      0
    0.50  0.25     1049   0.6995  0.4267  0.9724  0.625       0      0
    0.50  0.50     1049   0.6995  0.4267  0.9724  0.625       0      0
    1.00  0.25        0   0.6995  0.4267  0.9724  0.625       0      0
    1.00  0.50        0   0.6995  0.4267  0.9724  0.625       0      0
    1.00  1.00        0   0.6995  0.4267  0.9724  0.625       0      0
    1.00  2.00        0   0.6995  0.4267  0.9724  0.625       0      0
    1.00  4.00        0   0.6995  0.4267  0.9724  0.625       0      0
    0.50  2.00     1049   0.6689  0.3751  0.9626  0.600      21    193

BEST: gate_thr=0.0 lam=1.0  MacroF1=0.7017 (baseline 0.6995, delta +0.0022)
F1-0: 0.4316 (baseline 0.4267, delta +0.0049)
VERDICT: GO
TOTAL wall time: 112.5s
