sklearn 1.8.0
catboost 1.2.10
[TIMER] load: 0.8s
train (14397, 8) test (3603, 7) class0 0.0998
antonym pairs: 549  synonym pairs: 4625
provinces: 34  regencies: 488
[TIMER] entity_mining: 2.9s
abbreviation alias table: 26/28 resolved against loaded gazetteer
entity pool: 5176  phrase gazetteer: 238  role markers: 73
[TIMER] chunk_index: 5.6s
[TIMER] lsa: 11.8s
[TIMER] char_tfidf: 45.6s
bigram vocab: 977993  trigram vocab: 2288040
[TIMER] phrase_ngram_idf: 8.3s
[TIMER] base_features: 12.5s
53 base+structural features
[TIMER] claim_representation: 45.9s
A_cold feature count: 75
C_exact lookup validated: 12587 unique (title,content) pairs, 0 label conflicts
test regime counts: {'C_exact': 927, 'B_has_pos': 216, 'B_no_pos': 167, 'A_cold': 2293}
C_exact resolved: 927 of 927
B regime training pool: 2011 rows, 26 features
[TIMER] B_regime_training_pool: 1.2s
[TIMER] B_regime_fit: 1.9s
[TIMER] B_regime_predict: 0.6s
B regime test rows: 383
A_cold OOF macroF1=0.6952 @ threshold=0.700
--- A_cold reproducibility record (this notebook, this run) ---
  n_features    : 75
  model         : single CatBoostClassifier (NOT an ensemble -- multi-model
                  stacking was explored in experiments but is not part of
                  this notebook's committed best config)
  iterations    : 800
  depth         : 6
  learning_rate : 0.03
  class_weights : [1, 1]  (Experiment 1: weight sweep, GO -- stable win over [4,1]
                  across 3 independent CV seeds, +0.004 to +0.011 Macro F1)
  CV type       : StratifiedGroupKFold(n_splits=5, group=content_hash)
  threshold     : 0.700 (selected on OOF cold predictions only, no test labels)
  OOF Macro F1  : 0.6952
  OOF F1-0      : 0.4223
  OOF F1-1      : 0.9682
--- A_cold OOF confusion matrix (rows=true, cols=pred; labels=[0,1]) ---
[[ 201  286]
 [ 264 8369]]
--- A_cold OOF classification report ---
              precision    recall  f1-score   support

           0     0.4323    0.4127    0.4223       487
           1     0.9670    0.9694    0.9682      8633

    accuracy                         0.9397      9120
   macro avg     0.6996    0.6911    0.6952      9120
weighted avg     0.9384    0.9397    0.9390      9120

[TIMER] A_cold_cv_threshold: 46.5s
[TIMER] A_cold_final_fit: 10.2s
A_cold test rows: 2293
  C_exact    n=  927  positive_rate=0.998
  B_has_pos  n=  216  positive_rate=0.023
  B_no_pos   n=  167  positive_rate=1.000
  A_cold     n= 2293  positive_rate=0.869
label
1    0.857341
0    0.142659
Name: proportion, dtype: float64
==========================================================
V13 — full regime router (C rule + B title-retrieval + A_cold claim-representation)
A_cold OOF macro F1  : 0.6952  (F1-0=0.4223, F1-1=0.9682) @ threshold 0.700
total runtime        : 4.5 min
==========================================================
  A_cold_cv_threshold: 46.5s
  claim_representation: 45.9s
  char_tfidf: 45.6s
  base_features: 12.5s
  lsa: 11.8s
  A_cold_final_fit: 10.2s
  phrase_ngram_idf: 8.3s
  chunk_index: 5.6s
  entity_mining: 2.9s
  B_regime_fit: 1.9s
  B_regime_training_pool: 1.2s
  load: 0.8s
  B_regime_predict: 0.6s
