[{"stream_name":"stderr","time":6.57359188,"data":"Traceback (most recent call last):\n"}
,{"stream_name":"stderr","time":6.573662169,"data":"  File \"\u003cstring\u003e\", line 1, in \u003cmodule\u003e\n"}
,{"stream_name":"stderr","time":6.573669659,"data":"  File \"/usr/local/lib/python3.12/dist-packages/papermill/execute.py\", line 113, in execute_notebook\n"}
,{"stream_name":"stderr","time":6.573674345,"data":"    kernel_name = papermill_engines.nb_kernel_name(engine_name=engine_name, nb=nb, name=kernel_name)\n"}
,{"stream_name":"stderr","time":6.573678479,"data":"                  ^^^^^^^^^^^^^^^^^^^^^^^^^^^^^^^^^^^^^^^^^^^^^^^^^^^^^^^^^^^^^^^^^^^^^^^^^^^^^^^^^^\n"}
,{"stream_name":"stderr","time":6.57368222,"data":"  File \"/usr/local/lib/python3.12/dist-packages/papermill/engines.py\", line 53, in nb_kernel_name\n"}
,{"stream_name":"stderr","time":6.573687942,"data":"    return self.get_engine(engine_name).nb_kernel_name(nb, name)\n"}
,{"stream_name":"stderr","time":6.573809762,"data":"           ^^^^^^^^^^^^^^^^^^^^^^^^^^^^^^^^^^^^^^^^^^^^^^^^^^^^^\n"}
,{"stream_name":"stderr","time":6.573816205,"data":"  File \"/usr/local/lib/python3.12/dist-packages/papermill/engines.py\", line 386, in nb_kernel_name\n"}
,{"stream_name":"stderr","time":6.574038598,"data":"    return nb_kernel_name(nb, name)\n"}
,{"stream_name":"stderr","time":6.574045619,"data":"           ^^^^^^^^^^^^^^^^^^^^^^^^\n"}
,{"stream_name":"stderr","time":6.574049323,"data":"  File \"/usr/local/lib/python3.12/dist-packages/papermill/utils.py\", line 52, in nb_kernel_name\n"}
,{"stream_name":"stderr","time":6.5741879789999995,"data":"    raise ValueError(\"No kernel name found in notebook and no override provided.\")\n"}
,{"stream_name":"stderr","time":6.574194614,"data":"ValueError: No kernel name found in notebook and no override provided.\n"}
,{"stream_name":"stderr","time":8.63959452,"data":"/usr/local/lib/python3.12/dist-packages/mistune.py:435: SyntaxWarning: invalid escape sequence '\\|'\n"}
,{"stream_name":"stderr","time":8.639623015,"data":"  cells[i][c] = re.sub('\\\\\\\\\\|', '|', cell)\n"}
,{"stream_name":"stderr","time":8.819128054,"data":"/usr/local/lib/python3.12/dist-packages/nbconvert/filters/filter_links.py:36: SyntaxWarning: invalid escape sequence '\\_'\n"}
,{"stream_name":"stderr","time":8.819152386,"data":"  text = re.sub(r'_', '\\_', text) # Escape underscores in display text\n"}
,{"stream_name":"stderr","time":9.519819696,"data":"[NbConvertApp] Converting notebook __notebook__.ipynb to notebook\n"}
,{"stream_name":"stderr","time":9.828142227,"data":"[NbConvertApp] Writing 14222 bytes to __notebook__.ipynb\n"}
,{"stream_name":"stderr","time":12.278107916,"data":"[NbConvertApp] Converting notebook __notebook__.ipynb to html\n"}
,{"stream_name":"stderr","time":13.597706315,"data":"[NbConvertApp] Writing 333944 bytes to __results__.html\n"}
]